RNG_test using PractRand version 0.94
RNG = RNG_stdin64, seed = unknown
test set = core, folding = standard (64 bit)

rng=RNG_stdin64, seed=unknown
length= 1 gigabyte (2^30 bytes), time= 23.9 seconds
  Test Name                         Raw       Processed     Evaluation
  BCFN(2+0,13-1,T)                  R=+18350  p =  2e-9881    FAIL !!!!!!!!  
  BCFN(2+1,13-1,T)                  R=+19086  p = 0           FAIL !!!!!!!!  
  BCFN(2+2,13-1,T)                  R= +4720  p =  5e-2541    FAIL !!!!!!!!  
  BCFN(2+3,13-1,T)                  R= +4155  p =  4e-2237    FAIL !!!!!!!!  
  BCFN(2+4,13-2,T)                  R=+738.5  p =  5.1e-377   FAIL !!!!!!!   
  BCFN(2+5,13-3,T)                  R=+715.2  p =  2.7e-338   FAIL !!!!!!!   
  BCFN(2+6,13-3,T)                  R=+659.3  p =  7.4e-312   FAIL !!!!!!    
  BCFN(2+7,13-4,T)                  R=+183.4  p =  4.6e-80    FAIL !!!!      
  BCFN(2+8,13-5,T)                  R=+126.7  p =  8.7e-50    FAIL !!!!      
  BCFN(2+9,13-5,T)                  R= +93.7  p =  7.5e-37    FAIL !!!       
  BCFN(2+10,13-6,T)                 R= +22.4  p =  4.2e-8   suspicious       
  BCFN(2+11,13-6,T)                 R= +56.2  p =  1.1e-19    FAIL !         
  BCFN(2+12,13-7,T)                 R= +47.1  p =  8.2e-15    FAIL           
  BCFN(2+13,13-8,T)                 R= +96.8  p =  1.6e-25    FAIL !!        
  DC6-9x1Bytes-1                    R= +1285  p =  1.1e-664   FAIL !!!!!!!   
  Gap-16:A                          R>+99999  p = 0           FAIL !!!!!!!!  
  Gap-16:B                          R>+99999  p = 0           FAIL !!!!!!!!  
  FPF-14+6/16:(0,14-0)              R= -33.3  p =1-2.6e-30    FAIL !!!       
  FPF-14+6/16:(1,14-0)              R= -32.9  p =1-6.0e-30    FAIL !!!       
  FPF-14+6/16:(2,14-0)              R= -18.3  p =1-1.6e-16    FAIL           
  FPF-14+6/16:(3,14-0)              R=  -9.2  p =1-3.5e-8   suspicious       
  FPF-14+6/16:all                   R= -39.0  p =1-5.7e-38    FAIL !!!       
  BRank(12):128(8)                  R= +19.8  p~=  1.4e-13    FAIL           
  BRank(12):256(4)                  R=+477.7  p~=  6.7e-255   FAIL !!!!!!    
  BRank(12):384(1)                  R=+368.0  p~=  8.1e-112   FAIL !!!!!     
  BRank(12):512(4)                  R= +1855  p~=  1.1e-987   FAIL !!!!!!!   
  BRank(12):768(1)                  R= +1337  p~=  1.9e-403   FAIL !!!!!!!   
  BRank(12):1K(2)                   R= +3808  p~=  1e-1147    FAIL !!!!!!!!  
  BRank(12):1536(1)                 R= +3877  p~=  4e-1168    FAIL !!!!!!!!  
  BRank(12):2K(2)                   R= +9593  p~=  9e-2889    FAIL !!!!!!!!  
  BRank(12):3K(1)                   R= +9862  p~=  1e-2969    FAIL !!!!!!!!  
  TMFn(2+0):wl                      R=+60261  p~=  0          FAIL !!!!!!!!  
  TMFn(2+1):wl                      R=+36145  p~=  0          FAIL !!!!!!!!  
  TMFn(2+2):wl                      R=+21072  p~=  0          FAIL !!!!!!!!  
  TMFn(2+3):wl                      R=+10523  p~=  0          FAIL !!!!!!!!  
  TMFn(2+4):wl                      R= +5495  p~=  0          FAIL !!!!!!!!  
  TMFn(2+5):wl                      R= +2858  p~=  0          FAIL !!!!!!!!  
  ...and 206 test result(s) without anomalies

